// Jest Snapshot v1, https://jestjs.io/docs/snapshot-testing

exports[`scoring engine — golden output produces the canonical analysis for the reference round 1`] = `
{
  "approach": {
    "failures": 3,
    "layups": 1,
    "ratedAttempts": 14,
    "successRate": 0.7857142857142857,
    "successes": 11,
  },
  "approachBands": {
    "misses": {
      "left": 0,
      "long": 1,
      "right": 1,
      "short": 1,
    },
    "rows": [
      {
        "attempts": 1,
        "band": "under-100",
        "failures": 0,
        "layups": 0,
        "misses": {
          "left": 0,
          "long": 0,
          "right": 0,
          "short": 0,
        },
        "successes": 1,
      },
      {
        "attempts": 2,
        "band": "100-124",
        "failures": 0,
        "layups": 0,
        "misses": {
          "left": 0,
          "long": 0,
          "right": 0,
          "short": 0,
        },
        "successes": 2,
      },
      {
        "attempts": 3,
        "band": "125-149",
        "failures": 2,
        "layups": 0,
        "misses": {
          "left": 0,
          "long": 0,
          "right": 1,
          "short": 1,
        },
        "successes": 1,
      },
      {
        "attempts": 5,
        "band": "150-174",
        "failures": 1,
        "layups": 0,
        "misses": {
          "left": 0,
          "long": 1,
          "right": 0,
          "short": 0,
        },
        "successes": 4,
      },
      {
        "attempts": 2,
        "band": "175-199",
        "failures": 0,
        "layups": 0,
        "misses": {
          "left": 0,
          "long": 0,
          "right": 0,
          "short": 0,
        },
        "successes": 2,
      },
      {
        "attempts": 2,
        "band": "200-plus",
        "failures": 0,
        "layups": 1,
        "misses": {
          "left": 0,
          "long": 0,
          "right": 0,
          "short": 0,
        },
        "successes": 1,
      },
    ],
    "totalMisses": 3,
  },
  "benchmark": {
    "downInThree": {
      "count": 16,
      "of": 18,
    },
    "enteredInRegulation": {
      "count": 14,
      "of": 18,
    },
    "holes": [
      {
        "downInThree": true,
        "enteredInRegulation": true,
        "fromZoneLeak": 0,
        "holeNumber": 1,
        "toZoneLeak": 0,
      },
      {
        "downInThree": true,
        "enteredInRegulation": true,
        "fromZoneLeak": 0,
        "holeNumber": 2,
        "toZoneLeak": 0,
      },
      {
        "downInThree": true,
        "enteredInRegulation": true,
        "fromZoneLeak": 0,
        "holeNumber": 3,
        "toZoneLeak": 0,
      },
      {
        "downInThree": true,
        "enteredInRegulation": false,
        "fromZoneLeak": 0,
        "holeNumber": 4,
        "toZoneLeak": 1,
      },
      {
        "downInThree": true,
        "enteredInRegulation": true,
        "fromZoneLeak": 0,
        "holeNumber": 5,
        "toZoneLeak": 0,
      },
      {
        "downInThree": false,
        "enteredInRegulation": true,
        "fromZoneLeak": 1,
        "holeNumber": 6,
        "toZoneLeak": 0,
      },
      {
        "downInThree": true,
        "enteredInRegulation": false,
        "fromZoneLeak": 0,
        "holeNumber": 7,
        "toZoneLeak": 1,
      },
      {
        "downInThree": true,
        "enteredInRegulation": true,
        "fromZoneLeak": 0,
        "holeNumber": 8,
        "toZoneLeak": 0,
      },
      {
        "downInThree": true,
        "enteredInRegulation": true,
        "fromZoneLeak": 0,
        "holeNumber": 9,
        "toZoneLeak": 0,
      },
      {
        "downInThree": true,
        "enteredInRegulation": true,
        "fromZoneLeak": 0,
        "holeNumber": 10,
        "toZoneLeak": 0,
      },
      {
        "downInThree": true,
        "enteredInRegulation": true,
        "fromZoneLeak": 0,
        "holeNumber": 11,
        "toZoneLeak": 0,
      },
      {
        "downInThree": true,
        "enteredInRegulation": false,
        "fromZoneLeak": 0,
        "holeNumber": 12,
        "toZoneLeak": 1,
      },
      {
        "downInThree": true,
        "enteredInRegulation": true,
        "fromZoneLeak": 0,
        "holeNumber": 13,
        "toZoneLeak": 0,
      },
      {
        "downInThree": false,
        "enteredInRegulation": false,
        "fromZoneLeak": 2,
        "holeNumber": 14,
        "toZoneLeak": 1,
      },
      {
        "downInThree": true,
        "enteredInRegulation": true,
        "fromZoneLeak": 0,
        "holeNumber": 15,
        "toZoneLeak": 0,
      },
      {
        "downInThree": true,
        "enteredInRegulation": true,
        "fromZoneLeak": 0,
        "holeNumber": 16,
        "toZoneLeak": 0,
      },
      {
        "downInThree": true,
        "enteredInRegulation": true,
        "fromZoneLeak": 0,
        "holeNumber": 17,
        "toZoneLeak": 0,
      },
      {
        "downInThree": true,
        "enteredInRegulation": true,
        "fromZoneLeak": 0,
        "holeNumber": 18,
        "toZoneLeak": 0,
      },
    ],
    "leakHoles": [
      {
        "downInThree": false,
        "enteredInRegulation": false,
        "fromZoneLeak": 2,
        "holeNumber": 14,
        "toZoneLeak": 1,
      },
      {
        "downInThree": true,
        "enteredInRegulation": false,
        "fromZoneLeak": 0,
        "holeNumber": 4,
        "toZoneLeak": 1,
      },
      {
        "downInThree": false,
        "enteredInRegulation": true,
        "fromZoneLeak": 1,
        "holeNumber": 6,
        "toZoneLeak": 0,
      },
      {
        "downInThree": true,
        "enteredInRegulation": false,
        "fromZoneLeak": 0,
        "holeNumber": 7,
        "toZoneLeak": 1,
      },
      {
        "downInThree": true,
        "enteredInRegulation": false,
        "fromZoneLeak": 0,
        "holeNumber": 12,
        "toZoneLeak": 1,
      },
    ],
    "totalFromZoneLeak": 3,
    "totalToZoneLeak": 4,
  },
  "faults": {
    "bunkerHoles": [
      6,
      14,
    ],
    "bunkerStuckHoles": [
      14,
    ],
    "mistakeCounts": {
      "approach": 0,
      "other": 0,
      "putting": 3,
      "recovery": 0,
      "short-game": 2,
      "strategy": 1,
      "tee": 2,
    },
    "mistakeHoles": [
      4,
      6,
      7,
      10,
      12,
      14,
      17,
    ],
    "totalMistakes": 8,
  },
  "methodologyVersion": "1.0.0",
  "observations": [
    {
      "basis": "event-count",
      "id": "penalties",
      "text": "2 penalty strokes across 2 holes (4, 12).",
      "weight": 110,
    },
    {
      "basis": "event-count",
      "id": "three-putts",
      "text": "4 holes with 3 or more putts (6, 10, 14, 17). 3 from long range.",
      "weight": 80,
    },
    {
      "basis": "event-count",
      "id": "blow-ups",
      "text": "1 blow-up hole (triple bogey or worse): 14.",
      "weight": 75,
    },
  ],
  "roundId": "canonical-round",
  "shotsToGetBack": {
    "bunker": 2,
    "byHole": [
      {
        "bunker": 0,
        "holeNumber": 4,
        "penalty": 1,
        "putting": 0,
        "total": 1,
      },
      {
        "bunker": 0,
        "holeNumber": 6,
        "penalty": 0,
        "putting": 1,
        "total": 1,
      },
      {
        "bunker": 0,
        "holeNumber": 10,
        "penalty": 0,
        "putting": 1,
        "total": 1,
      },
      {
        "bunker": 0,
        "holeNumber": 12,
        "penalty": 1,
        "putting": 0,
        "total": 1,
      },
      {
        "bunker": 2,
        "holeNumber": 14,
        "penalty": 0,
        "putting": 1,
        "total": 3,
      },
      {
        "bunker": 0,
        "holeNumber": 17,
        "penalty": 0,
        "putting": 1,
        "total": 1,
      },
    ],
    "penalty": 2,
    "putting": 4,
    "total": 8,
  },
  "summary": {
    "back": {
      "holesPlayed": 9,
      "par": 36,
      "results": {
        "birdie": 0,
        "bogey": 3,
        "double-bogey": 1,
        "eagle-or-better": 0,
        "par": 4,
        "triple-bogey-plus": 1,
      },
      "score": 45,
      "toPar": 9,
    },
    "front": {
      "holesPlayed": 9,
      "par": 36,
      "results": {
        "birdie": 0,
        "bogey": 2,
        "double-bogey": 2,
        "eagle-or-better": 0,
        "par": 5,
        "triple-bogey-plus": 0,
      },
      "score": 42,
      "toPar": 6,
    },
    "isComplete": true,
    "overall": {
      "holesPlayed": 18,
      "par": 72,
      "results": {
        "birdie": 0,
        "bogey": 5,
        "double-bogey": 3,
        "eagle-or-better": 0,
        "par": 9,
        "triple-bogey-plus": 1,
      },
      "score": 87,
      "toPar": 15,
    },
    "plannedHoleCount": 18,
  },
  "tee": {
    "costlyHoles": [
      4,
      7,
    ],
    "costlyOffTee": 2,
    "lies": {
      "bunker": 1,
      "fairway": 12,
      "rough": 3,
      "trees-other": 2,
    },
    "outcomes": {
      "clear": 13,
      "compromised": 3,
      "penalty": 1,
      "recovery-required": 1,
    },
    "penaltyOffTee": 1,
    "recorded": 18,
    "troubleOffTee": 5,
  },
}
`;
